[INFO] Scanning for projects...
[INFO] 
[INFO] -------------------< edu.fileguard:activity-service >-------------------
[INFO] Building activity-service 1.0.0
[INFO]   from pom.xml
[INFO] --------------------------------[ jar ]---------------------------------
[INFO] 
[INFO] >>> spring-boot:3.3.5:run (default-cli) > test-compile @ activity-service >>>
[INFO] 
[INFO] --- resources:3.3.1:resources (default-resources) @ activity-service ---
[INFO] Copying 1 resource from src\main\resources to target\classes
[INFO] Copying 0 resource from src\main\resources to target\classes
[INFO] 
[INFO] --- compiler:3.13.0:compile (default-compile) @ activity-service ---
[INFO] Nothing to compile - all classes are up to date.
[INFO] 
[INFO] --- resources:3.3.1:testResources (default-testResources) @ activity-service ---
[INFO] skip non existing resourceDirectory D:\visual studio code\MyProject\src\file-versioning-system\activity-service\src\test\resources
[INFO] 
[INFO] --- compiler:3.13.0:testCompile (default-testCompile) @ activity-service ---
[INFO] No sources to compile
[INFO] 
[INFO] <<< spring-boot:3.3.5:run (default-cli) < test-compile @ activity-service <<<
[INFO] 
[INFO] 
[INFO] --- spring-boot:3.3.5:run (default-cli) @ activity-service ---
[INFO] Attaching agents: []

  .   ____          _            __ _ _
 /\\ / ___'_ __ _ _(_)_ __  __ _ \ \ \ \
( ( )\___ | '_ | '_| | '_ \/ _` | \ \ \ \
 \\/  ___)| |_)| | | | | || (_| |  ) ) ) )
  '  |____| .__|_| |_|_| |_\__, | / / / /
 =========|_|==============|___/=/_/_/_/

 :: Spring Boot ::                (v3.3.5)

2026-10-01T05:59:45.846+05:30  INFO 21948 --- [           main] e.f.activityservice.ActivityApplication  : Starting ActivityApplication using Java 21.0.7 with PID 21948 (D:\visual studio code\MyProject\src\file-versioning-system\activity-service\target\classes started by hp in D:\visual studio code\MyProject\src\file-versioning-system\activity-service)
2026-10-01T05:59:45.854+05:30  INFO 21948 --- [           main] e.f.activityservice.ActivityApplication  : No active profile set, falling back to 1 default profile: "default"
2026-10-01T05:59:47.502+05:30  INFO 21948 --- [           main] .s.d.r.c.RepositoryConfigurationDelegate : Bootstrapping Spring Data JPA repositories in DEFAULT mode.
2026-10-01T05:59:47.624+05:30  INFO 21948 --- [           main] .s.d.r.c.RepositoryConfigurationDelegate : Finished Spring Data repository scanning in 101 ms. Found 1 JPA repository interface.
2026-10-01T05:59:49.134+05:30  INFO 21948 --- [           main] o.s.b.w.embedded.tomcat.TomcatWebServer  : Tomcat initialized with port 8083 (http)
2026-10-01T05:59:49.173+05:30  INFO 21948 --- [           main] o.apache.catalina.core.StandardService   : Starting service [Tomcat]
2026-10-01T05:59:49.174+05:30  INFO 21948 --- [           main] o.apache.catalina.core.StandardEngine    : Starting Servlet engine: [Apache Tomcat/10.1.31]
2026-10-01T05:59:49.385+05:30  INFO 21948 --- [           main] o.a.c.c.C.[Tomcat].[localhost].[/]       : Initializing Spring embedded WebApplicationContext
2026-10-01T05:59:49.388+05:30  INFO 21948 --- [           main] w.s.c.ServletWebServerApplicationContext : Root WebApplicationContext: initialization completed in 3420 ms
2026-10-01T05:59:49.838+05:30  INFO 21948 --- [           main] o.hibernate.jpa.internal.util.LogHelper  : HHH000204: Processing PersistenceUnitInfo [name: default]
2026-10-01T05:59:50.001+05:30  INFO 21948 --- [           main] org.hibernate.Version                    : HHH000412: Hibernate ORM core version 6.5.3.Final
2026-10-01T05:59:50.114+05:30  INFO 21948 --- [           main] o.h.c.internal.RegionFactoryInitiator    : HHH000026: Second-level cache disabled
2026-10-01T05:59:51.130+05:30  INFO 21948 --- [           main] o.s.o.j.p.SpringPersistenceUnitInfo      : No LoadTimeWeaver setup: ignoring JPA class transformer
2026-10-01T05:59:51.219+05:30  INFO 21948 --- [           main] com.zaxxer.hikari.HikariDataSource       : HikariPool-1 - Starting...
2026-10-01T05:59:51.733+05:30  INFO 21948 --- [           main] com.zaxxer.hikari.pool.HikariPool        : HikariPool-1 - Added connection com.mysql.cj.jdbc.ConnectionImpl@5d829ef0
2026-10-01T05:59:51.740+05:30  INFO 21948 --- [           main] com.zaxxer.hikari.HikariDataSource       : HikariPool-1 - Start completed.
2026-10-01T05:59:54.044+05:30  INFO 21948 --- [           main] o.h.e.t.j.p.i.JtaPlatformInitiator       : HHH000489: No JTA platform available (set 'hibernate.transaction.jta.platform' to enable JTA platform integration)
2026-10-01T05:59:54.279+05:30  INFO 21948 --- [           main] j.LocalContainerEntityManagerFactoryBean : Initialized JPA EntityManagerFactory for persistence unit 'default'
2026-10-01T05:59:55.681+05:30  INFO 21948 --- [           main] o.s.b.w.embedded.tomcat.TomcatWebServer  : Tomcat started on port 8083 (http) with context path '/'
2026-10-01T05:59:55.708+05:30  INFO 21948 --- [           main] e.f.activityservice.ActivityApplication  : Started ActivityApplication in 10.854 seconds (process running for 11.981)
2026-10-01T06:00:52.010+05:30  INFO 21948 --- [nio-8083-exec-1] o.a.c.c.C.[Tomcat].[localhost].[/]       : Initializing Spring DispatcherServlet 'dispatcherServlet'
2026-10-01T06:00:52.011+05:30  INFO 21948 --- [nio-8083-exec-1] o.s.web.servlet.DispatcherServlet        : Initializing Servlet 'dispatcherServlet'
2026-10-01T06:00:52.015+05:30  INFO 21948 --- [nio-8083-exec-1] o.s.web.servlet.DispatcherServlet        : Completed initialization in 3 ms
2026-10-01T09:59:00.518+05:30  WARN 21948 --- [l-1 housekeeper] com.zaxxer.hikari.pool.HikariPool        : HikariPool-1 - Thread starvation or clock leap detected (housekeeper delta=3h24m4s136ms630µs400ns).
2026-10-01T10:59:22.363+05:30  WARN 21948 --- [l-1 housekeeper] com.zaxxer.hikari.pool.HikariPool        : HikariPool-1 - Thread starvation or clock leap detected (housekeeper delta=3m11s709ms825µs200ns).
2026-10-01T12:07:42.893+05:30  WARN 21948 --- [l-1 housekeeper] com.zaxxer.hikari.pool.HikariPool        : HikariPool-1 - Thread starvation or clock leap detected (housekeeper delta=25m19s757ms637µs700ns).
[INFO] ------------------------------------------------------------------------
[INFO] BUILD FAILURE
[INFO] ------------------------------------------------------------------------
[INFO] Total time:  06:24 h
[INFO] Finished at: 2026-10-01T12:24:29+05:30
[INFO] ------------------------------------------------------------------------
[ERROR] Failed to execute goal org.springframework.boot:spring-boot-maven-plugin:3.3.5:run (default-cli) on project activity-service: Process terminated with exit code: -1 -> [Help 1]
[ERROR] 
[ERROR] To see the full stack trace of the errors, re-run Maven with the -e switch.
[ERROR] Re-run Maven using the -X switch to enable full debug logging.
[ERROR] 
[ERROR] For more information about the errors and possible solutions, please read the following articles:
[ERROR] [Help 1] http://cwiki.apache.org/confluence/display/MAVEN/MojoExecutionException
