[INFO] Scanning for projects...
[INFO] 
[INFO] ---------------------< edu.fileguard:api-gateway >----------------------
[INFO] Building api-gateway 1.0.0
[INFO]   from pom.xml
[INFO] --------------------------------[ jar ]---------------------------------
[INFO] 
[INFO] >>> spring-boot:3.3.5:run (default-cli) > test-compile @ api-gateway >>>
[INFO] 
[INFO] --- resources:3.3.1:resources (default-resources) @ api-gateway ---
[INFO] Copying 1 resource from src\main\resources to target\classes
[INFO] Copying 0 resource from src\main\resources to target\classes
[INFO] 
[INFO] --- compiler:3.13.0:compile (default-compile) @ api-gateway ---
[INFO] Nothing to compile - all classes are up to date.
[INFO] 
[INFO] --- resources:3.3.1:testResources (default-testResources) @ api-gateway ---
[INFO] skip non existing resourceDirectory D:\visual studio code\MyProject\src\file-versioning-system\api-gateway\src\test\resources
[INFO] 
[INFO] --- compiler:3.13.0:testCompile (default-testCompile) @ api-gateway ---
[INFO] No sources to compile
[INFO] 
[INFO] <<< spring-boot:3.3.5:run (default-cli) < test-compile @ api-gateway <<<
[INFO] 
[INFO] 
[INFO] --- spring-boot:3.3.5:run (default-cli) @ api-gateway ---
[INFO] Attaching agents: []

  .   ____          _            __ _ _
 /\\ / ___'_ __ _ _(_)_ __  __ _ \ \ \ \
( ( )\___ | '_ | '_| | '_ \/ _` | \ \ \ \
 \\/  ___)| |_)| | | | | || (_| |  ) ) ) )
  '  |____| .__|_| |_|_| |_\__, | / / / /
 =========|_|==============|___/=/_/_/_/

 :: Spring Boot ::                (v3.3.5)

2026-10-01T05:59:48.423+05:30  INFO 32368 --- [           main] e.f.apigateway.GatewayApplication        : Starting GatewayApplication using Java 21.0.7 with PID 32368 (D:\visual studio code\MyProject\src\file-versioning-system\api-gateway\target\classes started by hp in D:\visual studio code\MyProject\src\file-versioning-system\api-gateway)
2026-10-01T05:59:48.431+05:30  INFO 32368 --- [           main] e.f.apigateway.GatewayApplication        : No active profile set, falling back to 1 default profile: "default"
2026-10-01T05:59:50.682+05:30  INFO 32368 --- [           main] o.s.b.w.embedded.tomcat.TomcatWebServer  : Tomcat initialized with port 8080 (http)
2026-10-01T05:59:50.728+05:30  INFO 32368 --- [           main] o.apache.catalina.core.StandardService   : Starting service [Tomcat]
2026-10-01T05:59:50.730+05:30  INFO 32368 --- [           main] o.apache.catalina.core.StandardEngine    : Starting Servlet engine: [Apache Tomcat/10.1.31]
2026-10-01T05:59:50.924+05:30  INFO 32368 --- [           main] o.a.c.c.C.[Tomcat].[localhost].[/]       : Initializing Spring embedded WebApplicationContext
2026-10-01T05:59:50.929+05:30  INFO 32368 --- [           main] w.s.c.ServletWebServerApplicationContext : Root WebApplicationContext: initialization completed in 2364 ms
2026-10-01T05:59:51.947+05:30  INFO 32368 --- [           main] o.s.b.w.embedded.tomcat.TomcatWebServer  : Tomcat started on port 8080 (http) with context path '/'
2026-10-01T05:59:51.971+05:30  INFO 32368 --- [           main] e.f.apigateway.GatewayApplication        : Started GatewayApplication in 4.37 seconds (process running for 5.192)
2026-10-01T06:00:50.808+05:30  INFO 32368 --- [nio-8080-exec-1] o.a.c.c.C.[Tomcat].[localhost].[/]       : Initializing Spring DispatcherServlet 'dispatcherServlet'
2026-10-01T06:00:50.809+05:30  INFO 32368 --- [nio-8080-exec-1] o.s.web.servlet.DispatcherServlet        : Initializing Servlet 'dispatcherServlet'
2026-10-01T06:00:50.812+05:30  INFO 32368 --- [nio-8080-exec-1] o.s.web.servlet.DispatcherServlet        : Completed initialization in 2 ms
[INFO] ------------------------------------------------------------------------
[INFO] BUILD FAILURE
[INFO] ------------------------------------------------------------------------
[INFO] Total time:  06:24 h
[INFO] Finished at: 2026-10-01T12:24:29+05:30
[INFO] ------------------------------------------------------------------------
[ERROR] Failed to execute goal org.springframework.boot:spring-boot-maven-plugin:3.3.5:run (default-cli) on project api-gateway: Process terminated with exit code: -1 -> [Help 1]
[ERROR] 
[ERROR] To see the full stack trace of the errors, re-run Maven with the -e switch.
[ERROR] Re-run Maven using the -X switch to enable full debug logging.
[ERROR] 
[ERROR] For more information about the errors and possible solutions, please read the following articles:
[ERROR] [Help 1] http://cwiki.apache.org/confluence/display/MAVEN/MojoExecutionException
