[INFO] Scanning for projects...
[INFO] 
[INFO] ---------------------< edu.fileguard:file-service >---------------------
[INFO] Building file-service 1.0.0
[INFO]   from pom.xml
[INFO] --------------------------------[ jar ]---------------------------------
[INFO] 
[INFO] >>> spring-boot:3.3.5:run (default-cli) > test-compile @ file-service >>>
[INFO] 
[INFO] --- resources:3.3.1:resources (default-resources) @ file-service ---
[INFO] Copying 1 resource from src\main\resources to target\classes
[INFO] Copying 0 resource from src\main\resources to target\classes
[INFO] 
[INFO] --- compiler:3.13.0:compile (default-compile) @ file-service ---
[INFO] Nothing to compile - all classes are up to date.
[INFO] 
[INFO] --- resources:3.3.1:testResources (default-testResources) @ file-service ---
[INFO] skip non existing resourceDirectory D:\visual studio code\MyProject\src\file-versioning-system\file-service\src\test\resources
[INFO] 
[INFO] --- compiler:3.13.0:testCompile (default-testCompile) @ file-service ---
[INFO] No sources to compile
[INFO] 
[INFO] <<< spring-boot:3.3.5:run (default-cli) < test-compile @ file-service <<<
[INFO] 
[INFO] 
[INFO] --- spring-boot:3.3.5:run (default-cli) @ file-service ---
[INFO] Attaching agents: []

  .   ____          _            __ _ _
 /\\ / ___'_ __ _ _(_)_ __  __ _ \ \ \ \
( ( )\___ | '_ | '_| | '_ \/ _` | \ \ \ \
 \\/  ___)| |_)| | | | | || (_| |  ) ) ) )
  '  |____| .__|_| |_|_| |_\__, | / / / /
 =========|_|==============|___/=/_/_/_/

 :: Spring Boot ::                (v3.3.5)

2026-10-01T05:59:37.502+05:30  INFO 8684 --- [           main] e.fileguard.fileservice.FileApplication  : Starting FileApplication using Java 21.0.7 with PID 8684 (D:\visual studio code\MyProject\src\file-versioning-system\file-service\target\classes started by hp in D:\visual studio code\MyProject\src\file-versioning-system\file-service)
2026-10-01T05:59:37.512+05:30  INFO 8684 --- [           main] e.fileguard.fileservice.FileApplication  : No active profile set, falling back to 1 default profile: "default"
2026-10-01T05:59:39.813+05:30  INFO 8684 --- [           main] .s.d.r.c.RepositoryConfigurationDelegate : Bootstrapping Spring Data JPA repositories in DEFAULT mode.
2026-10-01T05:59:40.013+05:30  INFO 8684 --- [           main] .s.d.r.c.RepositoryConfigurationDelegate : Finished Spring Data repository scanning in 176 ms. Found 2 JPA repository interfaces.
2026-10-01T05:59:42.131+05:30  INFO 8684 --- [           main] o.s.b.w.embedded.tomcat.TomcatWebServer  : Tomcat initialized with port 8081 (http)
2026-10-01T05:59:42.212+05:30  INFO 8684 --- [           main] o.apache.catalina.core.StandardService   : Starting service [Tomcat]
2026-10-01T05:59:42.214+05:30  INFO 8684 --- [           main] o.apache.catalina.core.StandardEngine    : Starting Servlet engine: [Apache Tomcat/10.1.31]
2026-10-01T05:59:42.532+05:30  INFO 8684 --- [           main] o.a.c.c.C.[Tomcat].[localhost].[/]       : Initializing Spring embedded WebApplicationContext
2026-10-01T05:59:42.535+05:30  INFO 8684 --- [           main] w.s.c.ServletWebServerApplicationContext : Root WebApplicationContext: initialization completed in 4903 ms
2026-10-01T05:59:43.198+05:30  INFO 8684 --- [           main] o.hibernate.jpa.internal.util.LogHelper  : HHH000204: Processing PersistenceUnitInfo [name: default]
2026-10-01T05:59:43.491+05:30  INFO 8684 --- [           main] org.hibernate.Version                    : HHH000412: Hibernate ORM core version 6.5.3.Final
2026-10-01T05:59:43.723+05:30  INFO 8684 --- [           main] o.h.c.internal.RegionFactoryInitiator    : HHH000026: Second-level cache disabled
2026-10-01T05:59:45.141+05:30  INFO 8684 --- [           main] o.s.o.j.p.SpringPersistenceUnitInfo      : No LoadTimeWeaver setup: ignoring JPA class transformer
2026-10-01T05:59:45.279+05:30  INFO 8684 --- [           main] com.zaxxer.hikari.HikariDataSource       : HikariPool-1 - Starting...
2026-10-01T05:59:46.022+05:30  INFO 8684 --- [           main] com.zaxxer.hikari.pool.HikariPool        : HikariPool-1 - Added connection com.mysql.cj.jdbc.ConnectionImpl@3e151e1f
2026-10-01T05:59:46.028+05:30  INFO 8684 --- [           main] com.zaxxer.hikari.HikariDataSource       : HikariPool-1 - Start completed.
2026-10-01T05:59:49.075+05:30  INFO 8684 --- [           main] o.h.e.t.j.p.i.JtaPlatformInitiator       : HHH000489: No JTA platform available (set 'hibernate.transaction.jta.platform' to enable JTA platform integration)
2026-10-01T05:59:49.565+05:30  INFO 8684 --- [           main] j.LocalContainerEntityManagerFactoryBean : Initialized JPA EntityManagerFactory for persistence unit 'default'
2026-10-01T05:59:51.422+05:30  INFO 8684 --- [           main] o.s.b.w.embedded.tomcat.TomcatWebServer  : Tomcat started on port 8081 (http) with context path '/'
2026-10-01T05:59:51.453+05:30  INFO 8684 --- [           main] e.fileguard.fileservice.FileApplication  : Started FileApplication in 15.136 seconds (process running for 16.564)
2026-10-01T06:00:51.168+05:30  INFO 8684 --- [nio-8081-exec-4] o.a.c.c.C.[Tomcat].[localhost].[/]       : Initializing Spring DispatcherServlet 'dispatcherServlet'
2026-10-01T06:00:51.179+05:30  INFO 8684 --- [nio-8081-exec-4] o.s.web.servlet.DispatcherServlet        : Initializing Servlet 'dispatcherServlet'
2026-10-01T06:00:51.183+05:30  INFO 8684 --- [nio-8081-exec-4] o.s.web.servlet.DispatcherServlet        : Completed initialization in 3 ms
2026-10-01T09:58:54.814+05:30  WARN 8684 --- [l-1 housekeeper] com.zaxxer.hikari.pool.HikariPool        : HikariPool-1 - Thread starvation or clock leap detected (housekeeper delta=3h24m19s17ms586µs900ns).
2026-10-01T10:59:16.757+05:30  WARN 8684 --- [l-1 housekeeper] com.zaxxer.hikari.pool.HikariPool        : HikariPool-1 - Thread starvation or clock leap detected (housekeeper delta=3m11s721ms580µs400ns).
2026-10-01T12:07:37.149+05:30  WARN 8684 --- [l-1 housekeeper] com.zaxxer.hikari.pool.HikariPool        : HikariPool-1 - Thread starvation or clock leap detected (housekeeper delta=25m19s739ms549µs600ns).
[INFO] ------------------------------------------------------------------------
[INFO] BUILD FAILURE
[INFO] ------------------------------------------------------------------------
[INFO] Total time:  06:25 h
[INFO] Finished at: 2026-10-01T12:24:29+05:30
[INFO] ------------------------------------------------------------------------
[ERROR] Failed to execute goal org.springframework.boot:spring-boot-maven-plugin:3.3.5:run (default-cli) on project file-service: Process terminated with exit code: -1 -> [Help 1]
[ERROR] 
[ERROR] To see the full stack trace of the errors, re-run Maven with the -e switch.
[ERROR] Re-run Maven using the -X switch to enable full debug logging.
[ERROR] 
[ERROR] For more information about the errors and possible solutions, please read the following articles:
[ERROR] [Help 1] http://cwiki.apache.org/confluence/display/MAVEN/MojoExecutionException
