[INFO] Scanning for projects...
[INFO] 
[INFO] -------------------< edu.fileguard:storage-service >--------------------
[INFO] Building storage-service 1.0.0
[INFO]   from pom.xml
[INFO] --------------------------------[ jar ]---------------------------------
[INFO] 
[INFO] >>> spring-boot:3.3.5:run (default-cli) > test-compile @ storage-service >>>
[INFO] 
[INFO] --- resources:3.3.1:resources (default-resources) @ storage-service ---
[INFO] Copying 1 resource from src\main\resources to target\classes
[INFO] Copying 0 resource from src\main\resources to target\classes
[INFO] 
[INFO] --- compiler:3.13.0:compile (default-compile) @ storage-service ---
[INFO] Nothing to compile - all classes are up to date.
[INFO] 
[INFO] --- resources:3.3.1:testResources (default-testResources) @ storage-service ---
[INFO] skip non existing resourceDirectory D:\visual studio code\MyProject\src\file-versioning-system\storage-service\src\test\resources
[INFO] 
[INFO] --- compiler:3.13.0:testCompile (default-testCompile) @ storage-service ---
[INFO] No sources to compile
[INFO] 
[INFO] <<< spring-boot:3.3.5:run (default-cli) < test-compile @ storage-service <<<
[INFO] 
[INFO] 
[INFO] --- spring-boot:3.3.5:run (default-cli) @ storage-service ---
[INFO] Attaching agents: []

  .   ____          _            __ _ _
 /\\ / ___'_ __ _ _(_)_ __  __ _ \ \ \ \
( ( )\___ | '_ | '_| | '_ \/ _` | \ \ \ \
 \\/  ___)| |_)| | | | | || (_| |  ) ) ) )
  '  |____| .__|_| |_|_| |_\__, | / / / /
 =========|_|==============|___/=/_/_/_/

 :: Spring Boot ::                (v3.3.5)

2026-10-01T05:59:41.688+05:30  INFO 6772 --- [           main] e.f.storageservice.StorageApplication    : Starting StorageApplication using Java 21.0.7 with PID 6772 (D:\visual studio code\MyProject\src\file-versioning-system\storage-service\target\classes started by hp in D:\visual studio code\MyProject\src\file-versioning-system\storage-service)
2026-10-01T05:59:41.694+05:30  INFO 6772 --- [           main] e.f.storageservice.StorageApplication    : No active profile set, falling back to 1 default profile: "default"
2026-10-01T05:59:44.551+05:30  INFO 6772 --- [           main] o.s.b.w.embedded.tomcat.TomcatWebServer  : Tomcat initialized with port 8084 (http)
2026-10-01T05:59:44.622+05:30  INFO 6772 --- [           main] o.apache.catalina.core.StandardService   : Starting service [Tomcat]
2026-10-01T05:59:44.623+05:30  INFO 6772 --- [           main] o.apache.catalina.core.StandardEngine    : Starting Servlet engine: [Apache Tomcat/10.1.31]
2026-10-01T05:59:44.880+05:30  INFO 6772 --- [           main] o.a.c.c.C.[Tomcat].[localhost].[/]       : Initializing Spring embedded WebApplicationContext
2026-10-01T05:59:44.883+05:30  INFO 6772 --- [           main] w.s.c.ServletWebServerApplicationContext : Root WebApplicationContext: initialization completed in 3084 ms
2026-10-01T05:59:46.408+05:30  INFO 6772 --- [           main] o.s.b.w.embedded.tomcat.TomcatWebServer  : Tomcat started on port 8084 (http) with context path '/'
2026-10-01T05:59:46.431+05:30  INFO 6772 --- [           main] e.f.storageservice.StorageApplication    : Started StorageApplication in 5.673 seconds (process running for 6.559)
2026-10-01T06:03:21.225+05:30  INFO 6772 --- [nio-8084-exec-2] o.a.c.c.C.[Tomcat].[localhost].[/]       : Initializing Spring DispatcherServlet 'dispatcherServlet'
2026-10-01T06:03:21.226+05:30  INFO 6772 --- [nio-8084-exec-2] o.s.web.servlet.DispatcherServlet        : Initializing Servlet 'dispatcherServlet'
2026-10-01T06:03:21.230+05:30  INFO 6772 --- [nio-8084-exec-2] o.s.web.servlet.DispatcherServlet        : Completed initialization in 2 ms
[INFO] ------------------------------------------------------------------------
[INFO] BUILD FAILURE
[INFO] ------------------------------------------------------------------------
[INFO] Total time:  06:25 h
[INFO] Finished at: 2026-10-01T12:24:29+05:30
[INFO] ------------------------------------------------------------------------
[ERROR] Failed to execute goal org.springframework.boot:spring-boot-maven-plugin:3.3.5:run (default-cli) on project storage-service: Process terminated with exit code: -1 -> [Help 1]
[ERROR] 
[ERROR] To see the full stack trace of the errors, re-run Maven with the -e switch.
[ERROR] Re-run Maven using the -X switch to enable full debug logging.
[ERROR] 
[ERROR] For more information about the errors and possible solutions, please read the following articles:
[ERROR] [Help 1] http://cwiki.apache.org/confluence/display/MAVEN/MojoExecutionException
